// Vitest Snapshot v1, https://vitest.dev/guide/snapshot.html

exports[`Test <App/> > should show error modal when using brave and measureText API is not working 1`] = `
<div
  data-testid="brave-measure-text-error"
>
  <p>
    Sieht so aus, als ob Du den Brave-Browser verwendest und die 
    <span
      style="font-weight: 600;"
    >
      aggressive Blockierung von Fingerabdrücken
    </span>
     aktiviert hast.
  </p>
  <p>
    Dies könnte dazu führen, dass die 
    <span
      style="font-weight: 600;"
    >
      Textelemente
    </span>
     in Ihren Zeichnungen zerstört werden.
  </p>
  <p>
    Wir empfehlen dringend, diese Einstellung zu deaktivieren. Dazu kannst Du 
    <a
      href="http://docs.excalidraw.com/docs/@excalidraw/excalidraw/faq#turning-off-aggresive-block-fingerprinting-in-brave-browser"
    >
      diesen Schritten
    </a>
     folgen.
  </p>
  <p>
    Wenn die Deaktivierung dieser Einstellung die fehlerhafte Anzeige von Textelementen nicht behebt, öffne bitte ein 
    <a
      href="https://github.com/excalidraw/excalidraw/issues/new"
    >
      Ticket
    </a>
     auf unserem GitHub oder schreibe uns auf 
    <a
      href="https://discord.gg/UexuTaE"
    >
      Discord
      .
    </a>
  </p>
</div>
`;
